// Jest Snapshot v1, https://goo.gl/fbAQLP

exports[`<Footer /> renders correctly. 1`] = `
<footer
  className="w-100"
>
  <div
    className="container"
  >
    <p>
      Â© RSS Feed - Eidher Escalona - 
      2019
      . All Rights Reserved.
    </p>
    <ul
      className="list-inline"
    >
      <li
        className="list-inline-item"
      >
        <Link
          to="/"
        >
          Home
        </Link>
      </li>
      <li
        className="list-inline-item"
      >
        <Link
          to="/feed"
        >
          RSS Feed
        </Link>
      </li>
      <li
        className="list-inline-item"
      >
        <Link
          to="/contact"
        >
          Contact
        </Link>
      </li>
    </ul>
  </div>
</footer>
`;
