// Jest Snapshot v1, https://goo.gl/fbAQLP

exports[`<Contact /> renders correctly. 1`] = `
<section
  id="contact"
>
  <div
    className="header"
  >
    Thank you!
  </div>
  <div
    className="main"
  >
    <div
      className="name"
    >
      Eidher Escalona
    </div>
    <div
      className="footer"
    >
      eidher.escalona@gmail.com
    </div>
  </div>
</section>
`;
